 From envelope-based radiation integrals and IBS calculations: 
  Emittance (SR only):           1.36944E-10   1.22119E-11   2.81400E-06
  Emittance (with IBS):          1.85126E-10   1.64511E-11   3.40515E-06
  Damping decrements (alpha):    2.06629E-04   1.22294E-04   1.45747E-04
  Damping times:                 4.68797E-03   7.92082E-03   6.64622E-03
