    4.7092E-10    1.6839E-14    8.5119E-11    2.3285E-14   -3.9185E-14    3.8187E-12
    1.6839E-14    6.9688E-11    3.7210E-14    7.6439E-12   -4.6742E-14    2.6849E-12
    8.5119E-11    3.7210E-14    6.5032E-11    3.6709E-15    3.2568E-14   -4.9793E-15
    2.3285E-14    7.6439E-12    3.6709E-15    6.5316E-12    3.9066E-15    5.2407E-13
   -3.9185E-14   -4.6742E-14    3.2568E-14    3.9066E-15    9.1007E-06   -2.1336E-08
    3.8187E-12    2.6849E-12   -4.9794E-15    5.2407E-13   -2.1336E-08    1.2741E-06
