    3.4585E-10    1.2714E-14    6.3282E-11    1.5767E-14   -3.6812E-14    3.1198E-12
    1.2714E-14    5.1168E-11    2.4486E-14    5.7489E-12   -3.7290E-14    2.2207E-12
    6.3282E-11    2.4486E-14    4.1765E-11    2.5691E-15    2.3072E-14   -9.4349E-15
    1.5767E-14    5.7489E-12    2.5691E-15    4.1083E-12    3.0150E-15    4.7721E-13
   -3.6812E-14   -3.7290E-14    2.3072E-14    3.0150E-15    7.4834E-06   -1.7544E-08
    3.1198E-12    2.2207E-12   -9.4349E-15    4.7721E-13   -1.7544E-08    1.0477E-06
